SQL> desc MESD_HSSSCHOOL
 Name                                                                                                                                                                          Null?    Type
 ----------------------------------------------------------------------------------------------------------------------------------------------------------------------------- -------- --------------------------------------------------------------------------------------------------------------------
 SNAME                                                                                                                                                                                  VARCHAR2(80)
 ALIAS                                                                                                                                                                                  VARCHAR2(80)
 PHONE                                                                                                                                                                                  VARCHAR2(40)
 FAX                                                                                                                                                                                    VARCHAR2(40)
 ADDRESS                                                                                                                                                                                VARCHAR2(80)
 CITY                                                                                                                                                                                   VARCHAR2(40)
 STATE                                                                                                                                                                                  VARCHAR2(20)
 POSTAL                                                                                                                                                                                 VARCHAR2(20)
 DISTRICT                                                                                                                                                                               VARCHAR2(40)
 PRINCIPAL                                                                                                                                                                              VARCHAR2(80)
 GRADES                                                                                                                                                                                 VARCHAR2(40)
 EMAIL                                                                                                                                                                                  VARCHAR2(40)
 ENROLLMENT                                                                                                                                                                             NUMBER(10)
 GRSTRING                                                                                                                                                                               VARCHAR2(20)
 GRKG                                                                                                                                                                                   VARCHAR2(10)
 GRMIN                                                                                                                                                                                  VARCHAR2(10)
 GRMAX                                                                                                                                                                                  VARCHAR2(10)
 RN                                                                                                                                                                                     VARCHAR2(10)
 SHA                                                                                                                                                                                    VARCHAR2(10)
 LPN                                                                                                                                                                                    VARCHAR2(10)
 CLINIC                                                                                                                                                                                 VARCHAR2(40)
 SUBCOVER                                                                                                                                                                               VARCHAR2(1)
 SCHID                                                                                                                                                                         NOT NULL NUMBER(10)
 SCHNUM                                                                                                                                                                                 VARCHAR2(10)
 UNIQUE_ID_SCHOOL                                                                                                                                                              NOT NULL VARCHAR2(8)

SQL> select
  2  MESD_HRPROGRAMSITE.SITENAME || ';' ||
  3  MESD_HSSSCHOOL.SNAME || ';' ||
  4  MESD_HRPROGRAM.PRGNAME || ';' ||
  5  MESD_HRPROGRAMSITE.ALTED || ';' ||
  6  MESD_HRPROGRAMSITE.BLOODBORNE || ';' ||
  7  MESD_HRPROGRAMSITE.SPECIALEDSUB || ';' ||
  8  MESD_HSSSCHOOL.ADDRESS || ';' ||
  9  MESD_HSSSCHOOL.CITY || ';' ||
 10  MESD_HSSSCHOOL.STATE || ';' ||
 11  MESD_HSSSCHOOL.POSTAL || ';' ||
 12  MESD_HSSSCHOOL.PHONE || ';' ||
 13  MESD_HSSSCHOOL.EMAIL || ';' ||
 14  MESD_HSSSCHOOL.DISTRICT || ';' ||
 15  MESD_HSSSCHOOL.GRSTRING
 16  from MESD_HRPROGRAMSITE
 17  join MESD_HRSCHOOLPROGRAMSITE on MESD_HRPROGRAMSITE.SITEID=MESD_HRSCHOOLPROGRAMSITE.SITEID
 18  join MESD_HSSSCHOOL on MESD_HSSSCHOOL.SCHID=MESD_HRSCHOOLPROGRAMSITE.SCHID
 19  join MESD_HRPROGRAM on MESD_HRPROGRAM.PRGID=MESD_HRPROGRAMSITE.PRGID;

MESD_HRPROGRAMSITE.SITENAME||';'||MESD_HSSSCHOOL.SNAME||';'||MESD_HRPROGRAM.PRGNAME||';'||MESD_HRPROGRAMSITE.ALTED||';'||MESD_HRPROGRAMSITE.BLOODBORNE||';'||MESD_HRPROGRAMSITE.SPECIALEDSUB||';'||MESD                                                                                                     
------------------------------------------------------------------------------------------------------------------------------------------------------------------------------------------------------------------------------------------------------------------------------------------------------------
MESD Alpha HS;Alpha High School;Alternative Education Schools 6-12;0;0;0;876 NE 8 ST;Gresham;OR;97030;(503) 262-4050;peter_kaine@mesd.k12.or.us;Multnomah Education Service District;7-12                                                                                                                   
Beach RM B21;Beach PK-5;Early Childhood Special Education Pre-K (MECP) Ages 0-5;0;1;1;1710 N Humboldt St;Portland;OR;97217-3599;(503) 916-6236;rtorres@pps.k12.or.us;Portland School District 1J;PK-8                                                                                                       
Capitol Hill Elem RM 107;Capitol Hill E.S.;Early Childhood Special Education Pre-K (MECP) Ages 0-5;0;1;1;8401 S.W. 17th Av;Portland;OR;97219-4197;(503) 916-6303;pwilson@pps.net;Portland School District 1J;K-5                                                                                            
Centennial HS RM 137;Centennial High School;Functional Living Skills (FLS) Ages 6-21;0;1;1;3503 SE 182nd;Gresham;OR;97030;(503) 762-6180;kevin_ricker@centennial.k12.or.us;Centennial SD 28J;9-12                                                                                                           
Corbett Grade;Corbett Grade School;Functional Living Skills (FLS) Ages 6-21;0;1;1;35800 E Hist Columbia River Hw;Corbett;OR;97019-9629;(503) 261-4236;;Corbett School District 39;K-6                                                                                                                       
Davis Elem RM 133;Davis Elementary School;Functional Living Skills (FLS) Ages 6-21;0;1;1;19501 NE Davis St;Portland;OR;97230-8035;(503)665-9193;sbassett@rsd7.net;Reynolds School District 7;K-5                                                                                                            
Deep Creek Elem;Deep Creek Elementary School;Early Childhood Special Education Pre-K (MECP) Ages 0-5;0;1;1;15600 SE 232 Dr;Damascus;OR;97089;(503) 658-3184;lori_walter@gresham.k12.or.us;Gresham-Barlow SD 10J;K-4                                                                                         
Dexter McCarty MS;Dexter McCarty Middle School;Functional Living Skills (FLS) Ages 6-21;0;1;1;1400 SE 5 ST;Gresham;OR;97080;(503)665-0148;garrison2@gresham.k12.or.us;Gresham-Barlow SD 10J;6-8                                                                                                             
Gresham HS;Gresham High School;Functional Living Skills (FLS) Ages 6-21;0;1;1;1200 N Main St;Gresham;OR;97030;(503) 674-5500;john_koch@gresham.k12.or.us;Gresham-Barlow SD 10J;9-12                                                                                                                         
Grout Elem RM C;Grout E.S.;Early Childhood Special Education Pre-K (MECP) Ages 0-5;0;1;1;3119 SE Holgate Blvd;Portland;OR;97202-3498;(503)-916-6209;smcelroy@pps.net;Portland School District 1J;K-5                                                                                                        
Hall Elem RM 20;Hall Elementary School;Early Childhood Special Education Pre-K (MECP) Ages 0-5;0;1;1;2505 NE 23 St;Gresham;OR;97030-3146;(503) 661-6330;carlynn_capps@gresham.k12.or.us;Gresham-Barlow SD 10J;K-5                                                                                           
Oliver Elem RM 67;Harold Oliver ES;Functional Living Skills (FLS) Ages 6-21;;1;1;15840 SE Taylor St;Portland;OR;97233;(503) 762-3207;ben_egbers@centennial.k12.or.us;Centennial SD 28J;4-6                                                                                                                  
MESD Helensview;Helensview School;Alternative Education Schools 6-12;0;0;0;8678 NE Sumner ST;Portland;OR;97220;(503) 262-4150;kris_persson@mesd.k12.or.us;Multnomah Education Service District;9-12                                                                                                         
Kelly Creek Elem;Kelly Creek Elementary School;Functional Living Skills (FLS) Ages 6-21;0;1;1;2400 SE Baker Way;Gresham;OR;97080-9003;(503) 663-7483;torbet2@gresham.k12.or.us;Gresham-Barlow SD 10J;K-5                                                                                                    
Lewis, RM 2;Lewis E.S.;Early Childhood Special Education Pre-K (MECP) Ages 0-5;0;1;1;4401 SE Evergreen St;Portland;OR;97206-7799;(503) 916-6360;tlauer@pps.net;Portland School District 1J;K-5                                                                                                              
Lincoln Park, RM 5;Lincoln Park Elementary;Early Childhood Special Education Pre-K (MECP) Ages 0-5;0;1;1;13200 SE Lincoln St;Portland;OR;97233;(503) 256-6504;rebecca_chase@ddouglas.k12.or.us;David Douglas School District 40;K-5                                                                         
Madison Alt HS, RM 16A;Madison High School;Functional Living Skills (FLS) Ages 6-21;;1;1;2735 NE 82nd Ave;Portland;OR;97220-5397;(503) 916-5220;pcallin@pps.net;Portland School District 1J;8-12                                                                                                            
Thompson Center;MECP;Early Childhood Special Education Pre-K (MECP) Ages 0-5;0;1;1;5208 NE 122nd Ave;Portland;OR;97230;(503) 261-5535;;David Douglas School District 40;0-K                                                                                                                                 
Peninsula;Peninsula K-7;Early Childhood Special Education Pre-K (MECP) Ages 0-5;0;1;1;8125 N Emerald Av;Portland;OR;97217-6199;(503) 916-6275;cgalindo@pps.net;Portland School District 1J;K-8                                                                                                              
Reynolds MS RM 610;Reynolds Middle School;Functional Living Skills (FLS) Ages 6-21;0;1;1;1200 NE 201 ST;Fairview;OR;97024-9623;(503) 665-8166;stalus@rsd7.net;Reynolds School District 7;6-8                                                                                                                
Roseway Heights;Roseway Heights K-5;Early Childhood Special Education Pre-K (MECP) Ages 0-5;0;1;1;7334 NE Siskiyou St;Portland;OR;97213-5895;(503) 916-5600;slewins@pps.net;Portland School District 1J;K-8                                                                                                 
Russell Elem RM 9;Russell Academy of Academic Ac;Early Childhood Special Education Pre-K (MECP) Ages 0-5;0;1;1;2700 NE 127th AV;Portland;OR;97230-1699;(503) 408-2750;debbie_ebert@parkrose.k12.or.us;Parkrose School District 3;K-5                                                                        
Shaver Elem RM 9;Shaver Elementary School;Early Childhood Special Education Pre-K (MECP) Ages 0-5;0;1;1;3701 NE 131st  Pl;Portland;OR;97230-2868;(503) 408-2850;michael_hyder@parkrose.k12.or.us;Parkrose School District 3;K-5                                                                             
Ventura Elem RM 9;Ventura Park Elementary;Functional Living Skills (FLS) Ages 6-21;0;1;1;145 SE 117th Ave;Portland;OR;97216;(503) 256-6508;jakob_curtis@ddouglas.k12.or.us;David Douglas School District 40;K-5                                                                                             
Woodland Elem;Woodland Elementary School;Functional Living Skills (FLS) Ages 6-21;0;1;1;21607 NE Glisan;Fairview;OR;97024;(503) 674-8188;mclutter@rsd7.net;Reynolds School District 7;K-5                                                                                                                   
Woodmere Elem, Portable 4;Woodmere E.S.;Early Childhood Special Education Pre-K (MECP) Ages 0-5;0;1;1;7900 SE Duke St.;Portland;OR;97206-6337;(503) 916-6373;hhull@pps.net;Portland School District 1J;K-5                                                                                                  
Arata Creek MS/HS RM 101;Arata Creek;Functional Living Skills (FLS) Ages 6-21;0;1;1;2470 SW Halsey;Troutdale;OR;97060;(503) 262-4850;jtolon@mesd.k12.or.us;Multnomah Education Service District;1-12                                                                                                        
Arata Creek;Arata Creek;Social-Emotional Skills Program K-12 (SESP);0;0;0;2470 SW Halsey;Troutdale;OR;97060;(503) 262-4850;jtolon@mesd.k12.or.us;Multnomah Education Service District;1-12                                                                                                                  
Earl Boyles Elem RM 3;Earl Boyles Elementary;Early Childhood Special Education Pre-K (MECP) Ages 0-5;0;1;1;10822 SE Bush St;Portland;OR;97266;(503) 256-6554;ericka_guynes@ddouglas.k12.or.us;David Douglas School District 40;K-5                                                                          
Salish Pond Elem RM 17;Salish Ponds Elementary School;Functional Living Skills (FLS) Ages 6-21;0;1;1;1210 NE 201st Ave;Fairview;OR;97024;(503) 492-7260;lsmith@rsd7.net;Reynolds School District 7;K-5                                                                                                      
Reynolds MS RM 613;Reynolds Middle School FLS 1-1;Functional Living Skills (FLS) Ages 6-21;0;1;1;1200 NE 201st;Fairview;OR;97204;665-8166x3575;;Reynolds School District 7;                                                                                                                                 
Pathways AIM MS/HS;Pathways;Functional Living Skills (FLS) Ages 6-21;1;1;0;611 E Powell Blvd;Gresham;OR;97030-7613;(503) 262-4000;;Multnomah Education Service District;                                                                                                                                    
Pathways MS Alt;Pathways;Functional Living Skills (FLS) Ages 6-21;1;1;0;611 E Powell Blvd;Gresham;OR;97030-7613;(503) 262-4000;;Multnomah Education Service District;                                                                                                                                       
Sensory Trans;Pathways;Functional Living Skills (FLS) Ages 6-21;;1;1;611 E Powell Blvd;Gresham;OR;97030-7613;(503) 262-4000;;Multnomah Education Service District;                                                                                                                                          
Transitions Age 18-21;Pathways;Functional Living Skills (FLS) Ages 6-21;1;1;0;611 E Powell Blvd;Gresham;OR;97030-7613;(503) 262-4000;;Multnomah Education Service District;                                                                                                                                 
Pathways TRANS Age 18-21;Pathways;Functional Living Skills (FLS) Ages 6-21;1;1;0;611 E Powell Blvd;Gresham;OR;97030-7613;(503) 262-4000;;Multnomah Education Service District;                                                                                                                              
Pathways HS Alt 1;Pathways;Functional Living Skills (FLS) Ages 6-21;1;1;0;611 E Powell Blvd;Gresham;OR;97030-7613;(503) 262-4000;;Multnomah Education Service District;                                                                                                                                     
David Douglas HS RM 234;FLS - David Douglas HS;Functional Living Skills (FLS) Ages 6-21;0;1;1;1500 SE 130th;Portland;OR;97233;503-261-8372;;David Douglas School District 40;9-12                                                                                                                           
Wynne Watts;Wynne Watts School;Social-Emotional Skills Program K-12 (SESP);0;0;0;930 NE 162nd;Portland;OR;97230;503-262-4200;;Multnomah Education Service District;                                                                                                                                         
MESD D E Long Dist.PPS;Donald E Long School;Alternative Education Schools 6-12;0;0;0;1401 NE 68th;Portland;OR;97213;503-988-3577;;Multnomah Education Service District;                                                                                                                                     
N Powellhurst;North Powellhurst;Early Childhood Special Education Pre-K (MECP) Ages 0-5;0;1;1;1400 SE 135th Avenue;Portland;OR;97233;(503) 261-8470;kate_barker@ddouglas.k12.or.us;David Douglas School District 40;                                                                                        
Edwards Elem;Edwards Elem;Early Childhood Special Education Pre-K (MECP) Ages 0-5;0;1;1;1715 SE 32nd Pl;Portland;OR;97214;503-262-4250;;Portland School District 1J;K-5                                                                                                                                     
Applegate Elem RM 10;Applegate Elem;Early Childhood Special Education Pre-K (MECP) Ages 0-5;0;1;1;7650 N Commercial St;Portland;OR;97217;503-916-6240;;Portland School District 1J;K-5                                                                                                                      

43 rows selected.

SQL> exit
